// Jest Snapshot v1, https://goo.gl/fbAQLP

exports[`RepoListItem renders correctly 1`] = `
<span
  className="ant-input-group-wrapper ant-input-search ant-input-search-enter-button search-row"
>
  <span
    className="ant-input-wrapper ant-input-group"
  >
    <span
      className="ant-input-affix-wrapper ant-input-search ant-input-search-enter-button search-row"
      onMouseUp={[Function]}
      style={null}
    >
      <input
        autoFocus={true}
        className="ant-input"
        onBlur={[Function]}
        onChange={[Function]}
        onFocus={[Function]}
        onKeyDown={[Function]}
        placeholder="Search github for repositories"
        style={null}
        type="text"
        value=""
      />
      <span
        className="ant-input-suffix"
      >
        <span
          aria-label="info-circle"
          className="anticon anticon-info-circle"
          onMouseEnter={[Function]}
          onMouseLeave={[Function]}
          role="img"
          style={
            Object {
              "color": "rgba(0,0,0,.45)",
            }
          }
        >
          <svg
            aria-hidden="true"
            className=""
            data-icon="info-circle"
            fill="currentColor"
            focusable="false"
            height="1em"
            viewBox="64 64 896 896"
            width="1em"
          >
            <path
              d="M512 64C264.6 64 64 264.6 64 512s200.6 448 448 448 448-200.6 448-448S759.4 64 512 64zm0 820c-205.4 0-372-166.6-372-372s166.6-372 372-372 372 166.6 372 372-166.6 372-372 372z"
            />
            <path
              d="M464 336a48 48 0 1096 0 48 48 0 10-96 0zm72 112h-48c-4.4 0-8 3.6-8 8v272c0 4.4 3.6 8 8 8h48c4.4 0 8-3.6 8-8V456c0-4.4-3.6-8-8-8z"
            />
          </svg>
        </span>
      </span>
    </span>
    <span
      className="ant-input-group-addon"
    >
      <button
        className="ant-btn ant-btn-primary ant-input-search-button"
        onClick={[Function]}
        onMouseDown={[Function]}
        type="button"
      >
        <span
          aria-label="search"
          className="anticon anticon-search"
          role="img"
        >
          <svg
            aria-hidden="true"
            className=""
            data-icon="search"
            fill="currentColor"
            focusable="false"
            height="1em"
            viewBox="64 64 896 896"
            width="1em"
          >
            <path
              d="M909.6 854.5L649.9 594.8C690.2 542.7 712 479 712 412c0-80.2-31.3-155.4-87.9-212.1-56.6-56.7-132-87.9-212.1-87.9s-155.5 31.3-212.1 87.9C143.2 256.5 112 331.8 112 412c0 80.1 31.3 155.5 87.9 212.1C256.5 680.8 331.8 712 412 712c67 0 130.6-21.8 182.7-62l259.7 259.6a8.2 8.2 0 0011.6 0l43.6-43.5a8.2 8.2 0 000-11.6zM570.4 570.4C528 612.7 471.8 636 412 636s-116-23.3-158.4-65.6C211.3 528 188 471.8 188 412s23.3-116.1 65.6-158.4C296 211.3 352.2 188 412 188s116.1 23.2 158.4 65.6S636 352.2 636 412s-23.3 116.1-65.6 158.4z"
            />
          </svg>
        </span>
      </button>
    </span>
  </span>
</span>
`;
